\BOOKMARK [-1][-]{part.1}{I\040Linear\040Algebra}{}% 1
\BOOKMARK [0][-]{chapter.1}{Introduction\040to\040Linear\040Algebra}{part.1}% 2
\BOOKMARK [0][-]{chapter.2}{Matrices}{part.1}% 3
\BOOKMARK [1][-]{section.2.1}{Subspaces}{chapter.2}% 4
\BOOKMARK [2][-]{subsection.2.1.1}{Range,\040Image}{section.2.1}% 5
\BOOKMARK [2][-]{subsection.2.1.2}{Null,\040Kernel}{section.2.1}% 6
\BOOKMARK [1][-]{section.2.2}{Theorem}{chapter.2}% 7
\BOOKMARK [2][-]{subsection.2.2.1}{Orthogonality\040of\040R\(A\)\040and\040K\(A*\)}{section.2.2}% 8
\BOOKMARK [0][-]{chapter.3}{Matrix\040factorizations}{part.1}% 9
\BOOKMARK [1][-]{section.3.1}{Gershgorin\040circle\040theorem}{chapter.3}% 10
\BOOKMARK [1][-]{section.3.2}{Spectral\040radius}{chapter.3}% 11
\BOOKMARK [1][-]{section.3.3}{Schur\040decomposition}{chapter.3}% 12
\BOOKMARK [1][-]{section.3.4}{Cholesky\040decomposition}{chapter.3}% 13
\BOOKMARK [1][-]{section.3.5}{Jordan\040normal\040form}{chapter.3}% 14
\BOOKMARK [1][-]{section.3.6}{Singular\040Value\040Decomposition}{chapter.3}% 15
\BOOKMARK [2][-]{subsection.3.6.1}{Properties}{section.3.6}% 16
\BOOKMARK [2][-]{subsection.3.6.2}{Applications}{section.3.6}% 17
\BOOKMARK [3][-]{subsubsection*.4}{Solution\040of\040under-determined\040linear\040systems}{subsection.3.6.2}% 18
\BOOKMARK [3][-]{subsubsection*.5}{Norms\040and\040optimization}{subsection.3.6.2}% 19
\BOOKMARK [0][-]{chapter.4}{Linear\040Systems}{part.1}% 20
\BOOKMARK [0][-]{chapter.5}{Spectral\040decomposition}{part.1}% 21
\BOOKMARK [1][-]{section.5.1}{Spectral\040decomposition\040of\040symmetric\040matrices}{chapter.5}% 22
\BOOKMARK [1][-]{section.5.2}{Sensitivity\040of\040spectral\040decomposition}{chapter.5}% 23
\BOOKMARK [2][-]{subsection.5.2.1}{Generalized\040eigenvalue\040problem\040\(first\040order\)}{section.5.2}% 24
\BOOKMARK [3][-]{subsubsection*.9}{Right\040and\040left\040eigenvalue\040problem}{subsection.5.2.1}% 25
\BOOKMARK [3][-]{subsubsection*.10}{Sensitivity\040of\040eigenvalue}{subsection.5.2.1}% 26
\BOOKMARK [3][-]{subsubsection*.11}{Sensitivity\040of\040eigenvector}{subsection.5.2.1}% 27
\BOOKMARK [2][-]{subsection.5.2.2}{Generalized\040eigenvalue\040problem\040\(second\040order\)}{section.5.2}% 28
\BOOKMARK [3][-]{subsubsection*.12}{Right\040and\040left\040eigenvalue\040problem}{subsection.5.2.2}% 29
\BOOKMARK [0][-]{chapter.6}{Cayley-Hamilton\040theorem}{part.1}% 30
\BOOKMARK [-1][-]{part.2}{II\040Multivariable\040Calculus}{}% 31
\BOOKMARK [0][-]{chapter.7}{Introduction\040to\040multi-variable\040calculus}{part.2}% 32
\BOOKMARK [1][-]{section.7.1}{Function}{chapter.7}% 33
\BOOKMARK [1][-]{section.7.2}{Limit}{chapter.7}% 34
\BOOKMARK [1][-]{section.7.3}{Derivatives}{chapter.7}% 35
\BOOKMARK [1][-]{section.7.4}{Integrals}{chapter.7}% 36
\BOOKMARK [1][-]{section.7.5}{Theorems}{chapter.7}% 37
\BOOKMARK [2][-]{subsection.7.5.1}{Green’s lemma}{section.7.5}% 38
\BOOKMARK [-1][-]{part.3}{III\040Differential\040Geometry}{}% 39
\BOOKMARK [0][-]{chapter.8}{Introduction\040to\040Differential\040Geometry}{part.3}% 40
\BOOKMARK [1][-]{section.8.1}{Differential\040geometry\040in\040E3}{chapter.8}% 41
\BOOKMARK [2][-]{subsection.8.1.1}{Curves}{section.8.1}% 42
\BOOKMARK [2][-]{subsection.8.1.2}{Surfaces}{section.8.1}% 43
\BOOKMARK [-1][-]{part.4}{IV\040Vector\040and\040Tensor\040Algebra\040and\040Calculus}{}% 44
\BOOKMARK [0][-]{chapter.9}{Tensor\040Algebra}{part.4}% 45
\BOOKMARK [1][-]{section.9.1}{Vector\040space\040V}{chapter.9}% 46
\BOOKMARK [2][-]{subsection.9.1.1}{Operations\040\(I\)}{section.9.1}% 47
\BOOKMARK [3][-]{subsubsection*.13}{Sum}{subsection.9.1.1}% 48
\BOOKMARK [3][-]{subsubsection*.14}{Multiplication\040by\040a\040scalar}{subsection.9.1.1}% 49
\BOOKMARK [3][-]{subsubsection*.15}{Inner\040product}{subsection.9.1.1}% 50
\BOOKMARK [2][-]{subsection.9.1.2}{Basis\040of\040a\040vector\040space\040V}{section.9.1}% 51
\BOOKMARK [2][-]{subsection.9.1.3}{Change\040of\040basis}{section.9.1}% 52
\BOOKMARK [3][-]{subsubsection*.16}{Transformation\040of\040components}{subsection.9.1.3}% 53
\BOOKMARK [2][-]{subsection.9.1.4}{Operations}{section.9.1}% 54
\BOOKMARK [3][-]{subsubsection*.17}{Tensor\040product\040of\040vectors}{subsection.9.1.4}% 55
\BOOKMARK [1][-]{section.9.2}{Space\040of\040tensors}{chapter.9}% 56
\BOOKMARK [2][-]{subsection.9.2.1}{Operations\040\(I\)}{section.9.2}% 57
\BOOKMARK [3][-]{subsubsection*.19}{Sum}{subsection.9.2.1}% 58
\BOOKMARK [3][-]{subsubsection*.20}{Multiplication\040by\040a\040scalar}{subsection.9.2.1}% 59
\BOOKMARK [2][-]{subsection.9.2.2}{Basis}{section.9.2}% 60
\BOOKMARK [3][-]{subsubsection*.21}{Change\040of\040basis\040and\040rule\040of\040transformation\040of\040components\040-\040classical\040definition\040of\040a\040tensor}{subsection.9.2.2}% 61
\BOOKMARK [2][-]{subsection.9.2.3}{Operations\040\(II\)}{section.9.2}% 62
\BOOKMARK [3][-]{subsubsection*.22}{Tensor\040product}{subsection.9.2.3}% 63
\BOOKMARK [3][-]{subsubsection*.23}{Dot\040product}{subsection.9.2.3}% 64
\BOOKMARK [3][-]{subsubsection*.24}{Contraction}{subsection.9.2.3}% 65
\BOOKMARK [3][-]{subsubsection*.25}{Exterior\040product}{subsection.9.2.3}% 66
\BOOKMARK [2][-]{subsection.9.2.4}{Invariants}{section.9.2}% 67
\BOOKMARK [1][-]{section.9.3}{Exterior\040algebra}{chapter.9}% 68
\BOOKMARK [2][-]{subsection.9.3.1}{Exterior\040product}{section.9.3}% 69
\BOOKMARK [0][-]{chapter.10}{Tensor\040Calculus\040in\040Euclidean\040Spaces}{part.4}% 70
\BOOKMARK [1][-]{section.10.1}{Coordinates}{chapter.10}% 71
\BOOKMARK [2][-]{subsection.10.1.1}{Natural\040basis}{section.10.1}% 72
\BOOKMARK [1][-]{section.10.2}{Fields}{chapter.10}% 73
\BOOKMARK [1][-]{section.10.3}{Differential\040operators}{chapter.10}% 74
\BOOKMARK [2][-]{subsection.10.3.1}{Directional\040derivative}{section.10.3}% 75
\BOOKMARK [2][-]{subsection.10.3.2}{Gradient}{section.10.3}% 76
\BOOKMARK [2][-]{subsection.10.3.3}{Divergence}{section.10.3}% 77
\BOOKMARK [2][-]{subsection.10.3.4}{Laplacian}{section.10.3}% 78
\BOOKMARK [2][-]{subsection.10.3.5}{Curl}{section.10.3}% 79
\BOOKMARK [1][-]{section.10.4}{Integrals in Ed, d ≤3}{chapter.10}% 80
\BOOKMARK [2][-]{subsection.10.4.1}{Line\040integrals}{section.10.4}% 81
\BOOKMARK [3][-]{subsubsection*.26}{Density}{subsection.10.4.1}% 82
\BOOKMARK [3][-]{subsubsection*.27}{Work}{subsection.10.4.1}% 83
\BOOKMARK [2][-]{subsection.10.4.2}{Surface\040integrals}{section.10.4}% 84
\BOOKMARK [3][-]{subsubsection*.28}{Density}{subsection.10.4.2}% 85
\BOOKMARK [3][-]{subsubsection*.29}{Flux}{subsection.10.4.2}% 86
\BOOKMARK [2][-]{subsection.10.4.3}{Volume}{section.10.4}% 87
\BOOKMARK [3][-]{subsubsection*.30}{Density}{subsection.10.4.3}% 88
\BOOKMARK [2][-]{subsection.10.4.4}{Theorems}{section.10.4}% 89
\BOOKMARK [3][-]{subsubsection*.31}{Two\040useful\040lemmas}{subsection.10.4.4}% 90
\BOOKMARK [3][-]{subsubsection*.32}{Gradient\040theorem}{subsection.10.4.4}% 91
\BOOKMARK [3][-]{subsubsection*.33}{Divergence\040theorem}{subsection.10.4.4}% 92
\BOOKMARK [3][-]{subsubsection*.34}{Curl\040theorem}{subsection.10.4.4}% 93
\BOOKMARK [1][-]{section.10.5}{Tensor\040Calculus\040in\040Euclidean\040Spaces\040-\040Cartesian\040coordinates\040in\040E3}{chapter.10}% 94
\BOOKMARK [2][-]{subsection.10.5.1}{Natural\040basis,\040reciprocal\040basis,\040metric\040tensor,\040and\040Christoffel\040symbols}{section.10.5}% 95
\BOOKMARK [2][-]{subsection.10.5.2}{Differential\040operators}{section.10.5}% 96
\BOOKMARK [3][-]{subsubsection*.35}{Gradient}{subsection.10.5.2}% 97
\BOOKMARK [3][-]{subsubsection*.36}{Directional\040derivative}{subsection.10.5.2}% 98
\BOOKMARK [3][-]{subsubsection*.37}{Divergence}{subsection.10.5.2}% 99
\BOOKMARK [3][-]{subsubsection*.38}{Laplacian}{subsection.10.5.2}% 100
\BOOKMARK [1][-]{section.10.6}{Tensor\040Calculus\040in\040Euclidean\040Spaces\040-\040cylindrical\040coordinates\040in\040E3}{chapter.10}% 101
\BOOKMARK [2][-]{subsection.10.6.1}{Cylindrical\040coordiantes\040and\040cylindrical\040coordinates}{section.10.6}% 102
\BOOKMARK [2][-]{subsection.10.6.2}{Natural\040basis,\040reciprocal\040basis,\040metric\040tensor,\040and\040Christoffel\040symbols}{section.10.6}% 103
\BOOKMARK [2][-]{subsection.10.6.3}{Differential\040operators}{section.10.6}% 104
\BOOKMARK [3][-]{subsubsection*.39}{Gradient}{subsection.10.6.3}% 105
\BOOKMARK [3][-]{subsubsection*.40}{Directional\040derivative}{subsection.10.6.3}% 106
\BOOKMARK [3][-]{subsubsection*.41}{Divergence}{subsection.10.6.3}% 107
\BOOKMARK [3][-]{subsubsection*.42}{Laplacian}{subsection.10.6.3}% 108
\BOOKMARK [1][-]{section.10.7}{Tensor\040Calculus\040in\040Euclidean\040Spaces\040-\040Spehrical\040coordinates\040in\040E3}{chapter.10}% 109
\BOOKMARK [2][-]{subsection.10.7.1}{Natural\040basis,\040reciprocal\040basis,\040metric\040tensor,\040and\040Christoffel\040symbols}{section.10.7}% 110
\BOOKMARK [2][-]{subsection.10.7.2}{Differential\040operators}{section.10.7}% 111
\BOOKMARK [3][-]{subsubsection*.43}{Gradient}{subsection.10.7.2}% 112
\BOOKMARK [3][-]{subsubsection*.44}{Directional\040derivative}{subsection.10.7.2}% 113
\BOOKMARK [3][-]{subsubsection*.45}{Divergence}{subsection.10.7.2}% 114
\BOOKMARK [3][-]{subsubsection*.46}{Laplacian}{subsection.10.7.2}% 115
\BOOKMARK [0][-]{chapter.11}{Tensor\040Invariants}{part.4}% 116
\BOOKMARK [1][-]{section.11.1}{Rank-2\040tensors}{chapter.11}% 117
\BOOKMARK [0][-]{chapter.12}{Unitary\040and\040rotation\040tensors}{part.4}% 118
\BOOKMARK [1][-]{section.12.1}{Invariant\040operations\040under\040rotations\040and\040unitary\040transformations}{chapter.12}% 119
\BOOKMARK [0][-]{chapter.13}{Isotropic\040Tensors}{part.4}% 120
\BOOKMARK [1][-]{section.13.1}{Rank-2\040isotropic\040tensors}{chapter.13}% 121
\BOOKMARK [1][-]{section.13.2}{Rank-3\040isotropic\040tensors}{chapter.13}% 122
\BOOKMARK [1][-]{section.13.3}{Rank-4\040isotropic\040tensors}{chapter.13}% 123
\BOOKMARK [0][-]{chapter.14}{Time\040derivative\040of\040integrals\040over\040moving\040domains}{part.4}% 124
\BOOKMARK [1][-]{section.14.1}{Volume\040density}{chapter.14}% 125
\BOOKMARK [1][-]{section.14.2}{Flux\040across\040a\040surface}{chapter.14}% 126
\BOOKMARK [1][-]{section.14.3}{Work\040line\040integral\040along\040a\040line}{chapter.14}% 127
\BOOKMARK [0][-]{chapter.15}{Calculus\040identities}{part.4}% 128
\BOOKMARK [-1][-]{part.5}{V\040Functional\040Analysis}{}% 129
\BOOKMARK [0][-]{chapter.16}{Introduction\040to\040Functional\040Analysis}{part.5}% 130
\BOOKMARK [0][-]{chapter.17}{Dirac’s delta}{part.5}% 131
\BOOKMARK [1][-]{section.17.1}{Dirac’s delta in terms of regular functions}{chapter.17}% 132
\BOOKMARK [2][-]{subsection.17.1.1}{Piece-wise\040constant}{section.17.1}% 133
\BOOKMARK [2][-]{subsection.17.1.2}{Piecewise-linear}{section.17.1}% 134
\BOOKMARK [2][-]{subsection.17.1.3}{Gaussian\040approximation}{section.17.1}% 135
\BOOKMARK [2][-]{subsection.17.1.4}{Fourier\040anti-transform}{section.17.1}% 136
\BOOKMARK [2][-]{subsection.17.1.5}{sinc\(x\)\040approximation}{section.17.1}% 137
\BOOKMARK [2][-]{subsection.17.1.6}{Fourier\040series}{section.17.1}% 138
\BOOKMARK [-1][-]{part.6}{VI\040Complex\040Calculus}{}% 139
\BOOKMARK [0][-]{chapter.18}{Complex\040Algebra}{part.6}% 140
\BOOKMARK [1][-]{section.18.1}{Fundamental\040Theorem\040of\040Algebra}{chapter.18}% 141
\BOOKMARK [0][-]{chapter.19}{Complex\040Analysis}{part.6}% 142
\BOOKMARK [1][-]{section.19.1}{Complex functions, f: C →C}{chapter.19}% 143
\BOOKMARK [2][-]{subsection.19.1.1}{Limit}{section.19.1}% 144
\BOOKMARK [2][-]{subsection.19.1.2}{Derivative}{section.19.1}% 145
\BOOKMARK [2][-]{subsection.19.1.3}{Line\040Integrals}{section.19.1}% 146
\BOOKMARK [1][-]{section.19.2}{Holomorphic\040Functions\040-\040Analytic\040Functions}{chapter.19}% 147
\BOOKMARK [2][-]{subsection.19.2.1}{Cauchy-Riemann\040conditions}{section.19.2}% 148
\BOOKMARK [2][-]{subsection.19.2.2}{Cauchy\040Theorem}{section.19.2}% 149
\BOOKMARK [1][-]{section.19.3}{Useful\040integrals}{chapter.19}% 150
\BOOKMARK [2][-]{subsection.19.3.1}{Independence\040of\040line\040integral\040for\040holomorphic\040functions}{section.19.3}% 151
\BOOKMARK [2][-]{subsection.19.3.2}{Sum\040and\040difference\040of\040line\040integrals}{section.19.3}% 152
\BOOKMARK [2][-]{subsection.19.3.3}{Integral\040of\040zn}{section.19.3}% 153
\BOOKMARK [1][-]{section.19.4}{Meromorphic\040functions}{chapter.19}% 154
\BOOKMARK [2][-]{subsection.19.4.1}{Singularities}{section.19.4}% 155
\BOOKMARK [2][-]{subsection.19.4.2}{Laurent\040Series}{section.19.4}% 156
\BOOKMARK [2][-]{subsection.19.4.3}{Cauchy\040formula}{section.19.4}% 157
\BOOKMARK [2][-]{subsection.19.4.4}{Residues}{section.19.4}% 158
\BOOKMARK [2][-]{subsection.19.4.5}{Residue\040Theorem}{section.19.4}% 159
\BOOKMARK [2][-]{subsection.19.4.6}{Cauchy\040argument\040principle}{section.19.4}% 160
\BOOKMARK [2][-]{subsection.19.4.7}{Evaluation\040of\040integrals}{section.19.4}% 161
\BOOKMARK [2][-]{subsection.19.4.8}{Inverse\040Laplace\040Transform}{section.19.4}% 162
\BOOKMARK [0][-]{chapter.20}{Laplace\040Transform}{part.6}% 163
\BOOKMARK [1][-]{section.20.1}{Definition\040and\040Properties}{chapter.20}% 164
\BOOKMARK [2][-]{subsection.20.1.1}{Definition\040of\040Laplace\040transform}{section.20.1}% 165
\BOOKMARK [2][-]{subsection.20.1.2}{Inverse\040transform}{section.20.1}% 166
\BOOKMARK [2][-]{subsection.20.1.3}{Elementary\040one-sided\040transforms}{section.20.1}% 167
\BOOKMARK [1][-]{section.20.2}{Applications\040of\040Laplace\040Transform}{chapter.20}% 168
\BOOKMARK [2][-]{subsection.20.2.1}{Ordinary\040differential\040equations}{section.20.2}% 169
\BOOKMARK [3][-]{subsubsection*.48}{First-order\040linear\040differential\040equation\040with\040constant\040coefficients}{subsection.20.2.1}% 170
\BOOKMARK [0][-]{chapter.21}{Fourier\040Transforms}{part.6}% 171
\BOOKMARK [1][-]{section.21.1}{Fourier\040Series}{chapter.21}% 172
\BOOKMARK [1][-]{section.21.2}{Fourier\040Transform}{chapter.21}% 173
\BOOKMARK [2][-]{subsection.21.2.1}{Definition}{section.21.2}% 174
\BOOKMARK [2][-]{subsection.21.2.2}{Properties}{section.21.2}% 175
\BOOKMARK [2][-]{subsection.21.2.3}{Inverse\040Fourier\040Transform}{section.21.2}% 176
\BOOKMARK [2][-]{subsection.21.2.4}{Plancherel’s theorem}{section.21.2}% 177
\BOOKMARK [2][-]{subsection.21.2.5}{Uncertainty\040relation}{section.21.2}% 178
\BOOKMARK [1][-]{section.21.3}{Relations\040between\040Fourier\040transforms}{chapter.21}% 179
\BOOKMARK [2][-]{subsection.21.3.1}{Fourier\040transform\040of\040integrable\040functions}{section.21.3}% 180
\BOOKMARK [2][-]{subsection.21.3.2}{Fourier\040series}{section.21.3}% 181
\BOOKMARK [2][-]{subsection.21.3.3}{Discrete-time\040Fourier\040transform}{section.21.3}% 182
\BOOKMARK [2][-]{subsection.21.3.4}{Discrete\040Fourier\040transform}{section.21.3}% 183
\BOOKMARK [2][-]{subsection.21.3.5}{Useful\040properties}{section.21.3}% 184
\BOOKMARK [3][-]{subsubsection*.50}{Dirac’s comb IIIΔt\(t\)}{subsection.21.3.5}% 185
\BOOKMARK [3][-]{subsubsection*.51}{Symmetry\040of\040Fourier\040transform}{subsection.21.3.5}% 186
\BOOKMARK [1][-]{section.21.4}{Practice\040on\040Fourier\040analysis\040on\040finite-time\040discrete-time\040signal}{chapter.21}% 187
\BOOKMARK [2][-]{subsection.21.4.1}{Fourier\040transforms}{section.21.4}% 188
\BOOKMARK [3][-]{subsubsection*.52}{Discrete\040Fourier\040Transform\040\(DFT\)}{subsection.21.4.1}% 189
\BOOKMARK [2][-]{subsection.21.4.2}{Leakage}{section.21.4}% 190
\BOOKMARK [2][-]{subsection.21.4.3}{Aliasing}{section.21.4}% 191
\BOOKMARK [2][-]{subsection.21.4.4}{Realizations\040of\040PSD}{section.21.4}% 192
\BOOKMARK [3][-]{subsubsection*.53}{Exact\040realization}{subsection.21.4.4}% 193
\BOOKMARK [2][-]{subsection.21.4.5}{Shape\040filter}{section.21.4}% 194
\BOOKMARK [3][-]{subsubsection*.54}{Time-continuous\040domain}{subsection.21.4.5}% 195
\BOOKMARK [3][-]{subsubsection*.55}{Time-discrete\040domain}{subsection.21.4.5}% 196
\BOOKMARK [2][-]{subsection.21.4.6}{Statistics\040of\040realizations}{section.21.4}% 197
\BOOKMARK [0][-]{chapter.22}{Z-transform}{part.6}% 198
\BOOKMARK [1][-]{section.22.1}{Definition}{chapter.22}% 199
\BOOKMARK [2][-]{subsection.22.1.1}{Z-transform\040and\040discrete-time\040Fourier\040transform\040\(DTFT\)}{section.22.1}% 200
\BOOKMARK [2][-]{subsection.22.1.2}{Laplace\040transform\040of\040a\040sampled\040function}{section.22.1}% 201
\BOOKMARK [1][-]{section.22.2}{Inverse\040transform}{chapter.22}% 202
\BOOKMARK [1][-]{section.22.3}{Elementary\040one-sided\040transforms}{chapter.22}% 203
\BOOKMARK [1][-]{section.22.4}{Applications}{chapter.22}% 204
\BOOKMARK [2][-]{subsection.22.4.1}{Solution\040of\040difference\040equations}{section.22.4}% 205
\BOOKMARK [2][-]{subsection.22.4.2}{Analysis\040of\040stability\040of\040numerical\040integration\040methods\040for\040ODEs}{section.22.4}% 206
\BOOKMARK [-1][-]{part.7}{VII\040Approximation\040of\040Functions}{}% 207
\BOOKMARK [0][-]{chapter.23}{Introduction\040to\040function\040approximation}{part.7}% 208
\BOOKMARK [0][-]{chapter.24}{Lagrange\040interpolation}{part.7}% 209
\BOOKMARK [1][-]{section.24.1}{Lagrangian\040basis,\040and\040polynomial\040interpolation}{chapter.24}% 210
\BOOKMARK [1][-]{section.24.2}{Low-degree\040approximations\040with\040constant\040steps}{chapter.24}% 211
\BOOKMARK [1][-]{section.24.3}{Applications}{chapter.24}% 212
\BOOKMARK [2][-]{subsection.24.3.1}{Lagrange\040interpolation\040and\040multi-step\040methods\040for\040IVPs\040governed\040by\040ODEs}{section.24.3}% 213
\BOOKMARK [3][-]{subsubsection*.56}{Adams-Bashforth}{subsection.24.3.1}% 214
\BOOKMARK [3][-]{subsubsection*.57}{Adams-Moulton}{subsection.24.3.1}% 215
\BOOKMARK [3][-]{subsubsection*.58}{Backward\040Differentiation\040Formulas}{subsection.24.3.1}% 216
\BOOKMARK [-1][-]{part.8}{VIII\040Calculus\040of\040Variations}{}% 217
\BOOKMARK [0][-]{chapter.25}{Introduction\040to\040Calculus\040of\040Variations}{part.8}% 218
\BOOKMARK [1][-]{section.25.1}{Lagrange\040equations}{chapter.25}% 219
\BOOKMARK [2][-]{subsection.25.1.1}{Euler-Beltrami\040equation}{section.25.1}% 220
\BOOKMARK [-1][-]{part.9}{IX\040Ordinary\040Differential\040Equations}{}% 221
\BOOKMARK [0][-]{chapter.26}{Introduction\040to\040Ordinary\040Differential\040Equations}{part.9}% 222
\BOOKMARK [0][-]{chapter.27}{Linear\040equations}{part.9}% 223
\BOOKMARK [1][-]{section.27.1}{Linear\040equations\040with\040constant\040coefficients}{chapter.27}% 224
\BOOKMARK [2][-]{subsection.27.1.1}{Definition}{section.27.1}% 225
\BOOKMARK [2][-]{subsection.27.1.2}{General\040solution}{section.27.1}% 226
\BOOKMARK [3][-]{subsubsection*.59}{Solution\040of\040the\040homogeneous\040equation}{subsection.27.1.2}% 227
\BOOKMARK [4][-]{paragraph*.60}{Independent\040solutions\040for\040roots\040with\040miltiplicity\040\040p\040>\0401}{subsubsection*.59}% 228
\BOOKMARK [4][-]{paragraph*.61}{Asymptotic\040stability\040of\040the\040homogeneous\040equation}{subsubsection*.59}% 229
\BOOKMARK [3][-]{subsubsection*.62}{Particular\040solution}{subsection.27.1.2}% 230
\BOOKMARK [0][-]{chapter.28}{Linear\040systems}{part.9}% 231
\BOOKMARK [1][-]{section.28.1}{General\040solution}{chapter.28}% 232
\BOOKMARK [1][-]{section.28.2}{Stochastic\040response}{chapter.28}% 233
\BOOKMARK [2][-]{subsection.28.2.1}{Correlation\040matrix}{section.28.2}% 234
\BOOKMARK [3][-]{subsubsection*.63}{Lyapunov\040equation\040of\040the\040correlation\040matrix}{subsection.28.2.1}% 235
\BOOKMARK [0][-]{chapter.29}{Integration\040schemes\040for\040Cauchy\040problems}{part.9}% 236
\BOOKMARK [1][-]{section.29.1}{Foundations}{chapter.29}% 237
\BOOKMARK [2][-]{subsection.29.1.1}{Local\040truncation\040error\040and\040Consistency}{section.29.1}% 238
\BOOKMARK [2][-]{subsection.29.1.2}{Global\040truncation\040error\040and\040Convergence}{section.29.1}% 239
\BOOKMARK [3][-]{subsubsection*.65}{Recurrence\040relation\040for\040One-step\040methods}{subsection.29.1.2}% 240
\BOOKMARK [1][-]{section.29.2}{Families\040of\040integration\040methods}{chapter.29}% 241
\BOOKMARK [2][-]{subsection.29.2.1}{One-step\040methods\040\(I\):\040Euler,\040Crank-Nicolson}{section.29.2}% 242
\BOOKMARK [2][-]{subsection.29.2.2}{Multi-step\040methods}{section.29.2}% 243
\BOOKMARK [3][-]{subsubsection*.66}{Adams-Bashforth\040\(AB\)}{subsection.29.2.2}% 244
\BOOKMARK [3][-]{subsubsection*.67}{Adams-Moulton\040\(AM\)}{subsection.29.2.2}% 245
\BOOKMARK [3][-]{subsubsection*.68}{Backward\040Differentiation\040Formulas\040\(BDF\)}{subsection.29.2.2}% 246
\BOOKMARK [2][-]{subsection.29.2.3}{One-step\040methods\040\(II\):\040Runge-Kutta\040\(RK\)}{section.29.2}% 247
\BOOKMARK [3][-]{subsubsection*.69}{Example:\040RK2}{subsection.29.2.3}% 248
\BOOKMARK [1][-]{section.29.3}{Stability\040of\040integration\040schemes}{chapter.29}% 249
\BOOKMARK [2][-]{subsection.29.3.1}{Stability\040of\040a\040first-order\040linear\040system}{section.29.3}% 250
\BOOKMARK [3][-]{subsubsection*.70}{A-stability}{subsection.29.3.1}% 251
\BOOKMARK [3][-]{subsubsection*.71}{L-stability}{subsection.29.3.1}% 252
\BOOKMARK [3][-]{subsubsection*.72}{0-stability}{subsection.29.3.1}% 253
\BOOKMARK [2][-]{subsection.29.3.2}{Some\040schemes}{section.29.3}% 254
\BOOKMARK [3][-]{subsubsection*.73}{Homogeneous\040equation}{subsection.29.3.2}% 255
\BOOKMARK [3][-]{subsubsection*.74}{Forced\040equation}{subsection.29.3.2}% 256
\BOOKMARK [3][-]{subsubsection*.75}{A-stability}{subsection.29.3.2}% 257
\BOOKMARK [4][-]{paragraph*.76}{G\(z\):\040absolute\040value\040and\040phase}{subsubsection*.75}% 258
\BOOKMARK [4][-]{paragraph*.77}{G\(z\)\040on\040the\040real\040axis}{subsubsection*.75}% 259
\BOOKMARK [4][-]{paragraph*.78}{G\(z\)\040on\040the\040imaginary\040axis}{subsubsection*.75}% 260
\BOOKMARK [3][-]{subsubsection*.79}{Dahlquist\040barriers\040-\040for\040linear\040multi-step\040methods}{subsection.29.3.2}% 261
\BOOKMARK [1][-]{section.29.4}{Simplectic\040integrators}{chapter.29}% 262
\BOOKMARK [1][-]{section.29.5}{Energy\040conservation\040of\040integration\040schemes}{chapter.29}% 263
\BOOKMARK [2][-]{subsection.29.5.1}{Examples}{section.29.5}% 264
\BOOKMARK [3][-]{subsubsection*.80}{Verlet}{subsection.29.5.1}% 265
\BOOKMARK [4][-]{paragraph*.81}{Jacobian\040of\040the\040one-step\040transformation}{subsubsection*.80}% 266
\BOOKMARK [4][-]{paragraph*.82}{One-step\040energy\040difference}{subsubsection*.80}% 267
\BOOKMARK [3][-]{subsubsection*.83}{Explicit\040Euler}{subsection.29.5.1}% 268
\BOOKMARK [4][-]{paragraph*.84}{Jacobian\040of\040the\040one-step\040transformation}{subsubsection*.83}% 269
\BOOKMARK [4][-]{paragraph*.85}{One-step\040energy\040difference}{subsubsection*.83}% 270
\BOOKMARK [3][-]{subsubsection*.86}{Implicit\040Euler}{subsection.29.5.1}% 271
\BOOKMARK [4][-]{paragraph*.87}{Jacobian\040of\040the\040one-step\040transformation}{subsubsection*.86}% 272
\BOOKMARK [4][-]{paragraph*.88}{One-step\040energy\040difference}{subsubsection*.86}% 273
\BOOKMARK [3][-]{subsubsection*.89}{Crank-Nicolson}{subsection.29.5.1}% 274
\BOOKMARK [1][-]{section.29.6}{Time-integration\040of\040a\040mechanical\040system}{chapter.29}% 275
\BOOKMARK [2][-]{subsection.29.6.1}{Example\040equation:\040torsion\040of\040elastic\040beam}{section.29.6}% 276
\BOOKMARK [3][-]{subsubsection*.90}{Exact\040solution}{subsection.29.6.1}% 277
\BOOKMARK [3][-]{subsubsection*.91}{Finite\040element\040model}{subsection.29.6.1}% 278
\BOOKMARK [2][-]{subsection.29.6.2}{Boundary\040conditions}{section.29.6}% 279
\BOOKMARK [3][-]{subsubsection*.92}{Matrix\040partition}{subsection.29.6.2}% 280
\BOOKMARK [3][-]{subsubsection*.93}{Augmented\040system}{subsection.29.6.2}% 281
\BOOKMARK [4][-]{paragraph*.94}{Spectral\040decomposition\040of\040the\040undamped\040system}{subsubsection*.93}% 282
\BOOKMARK [4][-]{paragraph*.95}{Modal\040structural\040damping}{subsubsection*.93}% 283
\BOOKMARK [2][-]{subsection.29.6.3}{Response to a torsional moment at the “free” end}{section.29.6}% 284
\BOOKMARK [2][-]{subsection.29.6.4}{Time\040simulations}{section.29.6}% 285
\BOOKMARK [3][-]{subsubsection*.96}{Explicit\040Euler}{subsection.29.6.4}% 286
\BOOKMARK [3][-]{subsubsection*.97}{RK4\(5\)}{subsection.29.6.4}% 287
\BOOKMARK [-1][-]{part.10}{X\040System\040Theory}{}% 288
\BOOKMARK [0][-]{chapter.30}{Introduction\040to\040System\040Theory}{part.10}% 289
\BOOKMARK [0][-]{chapter.31}{Linear\040Time-Invariant\040Systems}{part.10}% 290
\BOOKMARK [1][-]{section.31.1}{Impulsive\040force}{chapter.31}% 291
\BOOKMARK [1][-]{section.31.2}{Properties}{chapter.31}% 292
\BOOKMARK [0][-]{chapter.32}{Coordinate\040transformation}{part.10}% 293
\BOOKMARK [1][-]{section.32.1}{General\040transformation}{chapter.32}% 294
\BOOKMARK [2][-]{subsection.32.1.1}{Characteristic\040polynomial}{section.32.1}% 295
\BOOKMARK [2][-]{subsection.32.1.2}{Gramians}{section.32.1}% 296
\BOOKMARK [1][-]{section.32.2}{Example\040of\040transformations}{chapter.32}% 297
\BOOKMARK [2][-]{subsection.32.2.1}{Diagonalization}{section.32.2}% 298
\BOOKMARK [2][-]{subsection.32.2.2}{Kalman\040decomposition}{section.32.2}% 299
\BOOKMARK [3][-]{subsubsection*.98}{Transfer\040function}{subsection.32.2.2}% 300
\BOOKMARK [0][-]{chapter.33}{LTI\040system\040response}{part.10}% 301
\BOOKMARK [1][-]{section.33.1}{LTI}{chapter.33}% 302
\BOOKMARK [1][-]{section.33.2}{Response\040of\040LTI\040systems}{chapter.33}% 303
\BOOKMARK [1][-]{section.33.3}{Equilibria}{chapter.33}% 304
\BOOKMARK [1][-]{section.33.4}{Stability}{chapter.33}% 305
\BOOKMARK [1][-]{section.33.5}{Response\040to\040integrable\040input\040-\040and\040Laplace\040transform}{chapter.33}% 306
\BOOKMARK [1][-]{section.33.6}{Response\040to\040periodic\040input\040of\040stable\040systems\040-\040and\040Fourier\040transform}{chapter.33}% 307
\BOOKMARK [1][-]{section.33.7}{Response\040to\040stochastic\040input\040of\040stable\040systems}{chapter.33}% 308
\BOOKMARK [2][-]{subsection.33.7.1}{Assumptions}{section.33.7}% 309
\BOOKMARK [2][-]{subsection.33.7.2}{Expected\040value}{section.33.7}% 310
\BOOKMARK [1][-]{section.33.8}{Analysis\040of\040response\040of\040LTI\040in\040Fourier\040domain}{chapter.33}% 311
\BOOKMARK [2][-]{subsection.33.8.1}{Stationary\040Ergodic\040processes}{section.33.8}% 312
\BOOKMARK [0][-]{chapter.34}{LTI:\040stability\040and\040feedback}{part.10}% 313
\BOOKMARK [1][-]{section.34.1}{Stability\040of\040a\040LTI\040-\040SISO}{chapter.34}% 314
\BOOKMARK [2][-]{subsection.34.1.1}{Transfer\040function}{section.34.1}% 315
\BOOKMARK [2][-]{subsection.34.1.2}{Stability\040w.r.t.\040non-zero\040initial\040conditions\040-\040or\040w.r.t.\040implusive\040input\040-\040in\040time\040domain}{section.34.1}% 316
\BOOKMARK [0][-]{chapter.35}{Observability\040and\040Detectability}{part.10}% 317
\BOOKMARK [1][-]{section.35.1}{Time-continuous\040linear\040systems}{chapter.35}% 318
\BOOKMARK [2][-]{subsection.35.1.1}{Observability}{section.35.1}% 319
\BOOKMARK [2][-]{subsection.35.1.2}{Detectability}{section.35.1}% 320
\BOOKMARK [1][-]{section.35.2}{Time-discrete\040linear\040systems}{chapter.35}% 321
\BOOKMARK [0][-]{chapter.36}{Reachability\040and\040Controllability}{part.10}% 322
\BOOKMARK [1][-]{section.36.1}{Time-continuous\040linear\040systems}{chapter.36}% 323
\BOOKMARK [2][-]{subsection.36.1.1}{Reachability}{section.36.1}% 324
\BOOKMARK [2][-]{subsection.36.1.2}{Controllability}{section.36.1}% 325
\BOOKMARK [1][-]{section.36.2}{Time-discrete\040linear\040systems}{chapter.36}% 326
\BOOKMARK [0][-]{chapter.37}{State-space\040realizations}{part.10}% 327
\BOOKMARK [1][-]{section.37.1}{Controller\040Canonical\040Form\040\(CCF\)}{chapter.37}% 328
\BOOKMARK [1][-]{section.37.2}{Observer\040Canonical\040Form\040\(OCF\)}{chapter.37}% 329
\BOOKMARK [1][-]{section.37.3}{Example:\040realization\040of\040a\040second-order\040system}{chapter.37}% 330
\BOOKMARK [1][-]{section.37.4}{Minimality\040and\040Similarity\040Transformations}{chapter.37}% 331
\BOOKMARK [0][-]{chapter.38}{Kalman\040decomposition}{part.10}% 332
\BOOKMARK [1][-]{section.38.1}{Controllability}{chapter.38}% 333
\BOOKMARK [1][-]{section.38.2}{Observability}{chapter.38}% 334
\BOOKMARK [1][-]{section.38.3}{Kalman\040decomposition}{chapter.38}% 335
\BOOKMARK [0][-]{chapter.39}{Lyapunov\040equation}{part.10}% 336
\BOOKMARK [0][-]{chapter.40}{Order\040reduction\040of\040dynamical\040systems}{part.10}% 337
\BOOKMARK [1][-]{section.40.1}{Balanced\040truncation}{chapter.40}% 338
\BOOKMARK [0][-]{chapter.41}{Shape\040filter}{part.10}% 339
\BOOKMARK [1][-]{section.41.1}{LTI\040system\040with\040non-white\040noise\040disturbance}{chapter.41}% 340
\BOOKMARK [1][-]{section.41.2}{Example}{chapter.41}% 341
\BOOKMARK [0][-]{chapter.42}{Padé approximation of time delay}{part.10}% 342
\BOOKMARK [1][-]{section.42.1}{Time\040delay}{chapter.42}% 343
\BOOKMARK [1][-]{section.42.2}{Padé approximation}{chapter.42}% 344
\BOOKMARK [2][-]{subsection.42.2.1}{Examples}{section.42.2}% 345
\BOOKMARK [2][-]{subsection.42.2.2}{Padé approximation in state-space representation}{section.42.2}% 346
\BOOKMARK [-1][-]{part.11}{XI\040Control\040Theory}{}% 347
\BOOKMARK [0][-]{chapter.43}{Introduction\040to\040control\040methods}{part.11}% 348
\BOOKMARK [0][-]{chapter.44}{Closed-loop\040control:\040requirements\040and\040performance}{part.11}% 349
\BOOKMARK [1][-]{section.44.1}{Stability\040\(SISO\)}{chapter.44}% 350
\BOOKMARK [1][-]{section.44.2}{Reference\040tracking\040\(SISO\)}{chapter.44}% 351
\BOOKMARK [0][-]{chapter.45}{Frequency\040domain\040control}{part.11}% 352
\BOOKMARK [1][-]{section.45.1}{Stability\040of\040closed-loop\040SISO\040systems}{chapter.45}% 353
\BOOKMARK [2][-]{subsection.45.1.1}{Cauchy\040argument\040principle}{section.45.1}% 354
\BOOKMARK [2][-]{subsection.45.1.2}{Nyquist\040stability\040criterion}{section.45.1}% 355
\BOOKMARK [2][-]{subsection.45.1.3}{Bode\040stability\040criterion\040for\040minimal\040phase\040systems}{section.45.1}% 356
\BOOKMARK [2][-]{subsection.45.1.4}{Phase\040margin}{section.45.1}% 357
\BOOKMARK [2][-]{subsection.45.1.5}{Gain\040margin}{section.45.1}% 358
\BOOKMARK [0][-]{chapter.46}{Optimal\040control}{part.11}% 359
\BOOKMARK [1][-]{section.46.1}{Full-state\040feedback}{chapter.46}% 360
\BOOKMARK [2][-]{subsection.46.1.1}{Generic\040ODE\040without\040exogenous\040inputs}{section.46.1}% 361
\BOOKMARK [3][-]{subsubsection*.103}{Variational\040approach}{subsection.46.1.1}% 362
\BOOKMARK [3][-]{subsubsection*.104}{Dynamic\040programming\040approach}{subsection.46.1.1}% 363
\BOOKMARK [2][-]{subsection.46.1.2}{Linear\040system\040without\040exogenous\040inputs}{section.46.1}% 364
\BOOKMARK [3][-]{subsubsection*.105}{Variational\040approach}{subsection.46.1.2}% 365
\BOOKMARK [3][-]{subsubsection*.106}{Hamiltonian\040form\040of\040the\040closed-loop\040system}{subsection.46.1.2}% 366
\BOOKMARK [3][-]{subsubsection*.107}{Dynamic\040programming\040approach}{subsection.46.1.2}% 367
\BOOKMARK [2][-]{subsection.46.1.3}{Linear\040system\040without\040exogenous\040inputs\040-\040infinite\040time\040horizon}{section.46.1}% 368
\BOOKMARK [1][-]{section.46.2}{Full-state\040feedback\040\(OLD\)}{chapter.46}% 369
\BOOKMARK [2][-]{subsection.46.2.1}{Generic\040ODE\040without\040exogenous\040inputs}{section.46.2}% 370
\BOOKMARK [2][-]{subsection.46.2.2}{LTI}{section.46.2}% 371
\BOOKMARK [3][-]{subsubsection*.108}{Infinite-horizon\040full-state\040feedback}{subsection.46.2.2}% 372
\BOOKMARK [1][-]{section.46.3}{Phase\040and\040gain\040margin\040of\040optimal\040control}{chapter.46}% 373
\BOOKMARK [2][-]{subsection.46.3.1}{SISO}{section.46.3}% 374
\BOOKMARK [2][-]{subsection.46.3.2}{MIMO}{section.46.3}% 375
\BOOKMARK [1][-]{section.46.4}{Optimal\040observer\040for\040stochastic\040disturbance}{chapter.46}% 376
\BOOKMARK [1][-]{section.46.5}{Optimal\040observer\040for\040deterministic\040disturbances}{chapter.46}% 377
\BOOKMARK [1][-]{section.46.6}{Sub-optimal\040control\040for\040output\040feedback}{chapter.46}% 378
\BOOKMARK [1][-]{section.46.7}{Combination\040of\040controller\040and\040observer}{chapter.46}% 379
\BOOKMARK [2][-]{subsection.46.7.1}{Separation\040principle}{section.46.7}% 380
\BOOKMARK [2][-]{subsection.46.7.2}{Spillover}{section.46.7}% 381
\BOOKMARK [3][-]{subsubsection*.109}{Design\040reduced\040system\040and\040full\040system}{subsection.46.7.2}% 382
\BOOKMARK [3][-]{subsubsection*.110}{Design\040reduced\040system,\040observer\040and\040full\040system}{subsection.46.7.2}% 383
\BOOKMARK [1][-]{section.46.8}{Optimal\040control\040for\040reference\040tracking}{chapter.46}% 384
\BOOKMARK [2][-]{subsection.46.8.1}{Augmented\040system\040for\040tracking\040step\040reference\040signal\040-\040integrator}{section.46.8}% 385
\BOOKMARK [2][-]{subsection.46.8.2}{Augmented\040system\040for\040tracking\040ramp\040reference\040signal\040-\040double\040integrator}{section.46.8}% 386
\BOOKMARK [2][-]{subsection.46.8.3}{Example\040of\040optimal\040control\040for\040tracking\040reference\040input}{section.46.8}% 387
\BOOKMARK [3][-]{subsubsection*.111}{Mass-damper-spring\040system}{subsection.46.8.3}% 388
\BOOKMARK [3][-]{subsubsection*.112}{Augmented\040system\040for\040reference\040signal}{subsection.46.8.3}% 389
\BOOKMARK [4][-]{paragraph*.113}{Single\040integral\040for\040step\040tracking}{subsubsection*.112}% 390
\BOOKMARK [5][-]{subparagraph*.114}{Optimal\040control\040design}{paragraph*.113}% 391
\BOOKMARK [5][-]{subparagraph*.115}{Response}{paragraph*.113}% 392
\BOOKMARK [4][-]{paragraph*.116}{Double\040integral\040for\040ramp\040tracking}{subsubsection*.112}% 393
\BOOKMARK [5][-]{subparagraph*.117}{Optimal\040control\040design}{paragraph*.116}% 394
\BOOKMARK [5][-]{subparagraph*.118}{Response}{paragraph*.116}% 395
\BOOKMARK [1][-]{section.46.9}{Kalman\040filter}{chapter.46}% 396
\BOOKMARK [1][-]{section.46.10}{Hamilton\040Bellman\040Jacobi\040equation}{chapter.46}% 397
\BOOKMARK [0][-]{chapter.47}{Pole\040placement}{part.11}% 398
\BOOKMARK [1][-]{section.47.1}{SISO}{chapter.47}% 399
\BOOKMARK [1][-]{section.47.2}{MIMO}{chapter.47}% 400
\BOOKMARK [0][-]{chapter.48}{Examples}{part.11}% 401
\BOOKMARK [1][-]{section.48.1}{First\040order\040system\040-\040Reference\040tracking}{chapter.48}% 402
\BOOKMARK [1][-]{section.48.2}{First\040order\040system\040w/\040time\040delay\040-\040Reference\040tracking}{chapter.48}% 403
\BOOKMARK [2][-]{subsection.48.2.1}{Libraries}{section.48.2}% 404
\BOOKMARK [2][-]{subsection.48.2.2}{Plant\040model}{section.48.2}% 405
\BOOKMARK [2][-]{subsection.48.2.3}{Control\040design}{section.48.2}% 406
\BOOKMARK [3][-]{subsubsection*.119}{PI\040controller}{subsection.48.2.3}% 407
\BOOKMARK [3][-]{subsubsection*.120}{Optimal\040controller}{subsection.48.2.3}% 408
\BOOKMARK [2][-]{subsection.48.2.4}{Closed-loop\040transfer\040functions\040-\040gang\040of\040the\040four}{section.48.2}% 409
\BOOKMARK [3][-]{subsubsection*.121}{Time-domain\040response}{subsection.48.2.4}% 410
\BOOKMARK [1][-]{section.48.3}{Inverted\040pendulum}{chapter.48}% 411
\BOOKMARK [2][-]{subsection.48.3.1}{Equations\040of\040motion\040with\040Lagrangian\040mechanics}{section.48.3}% 412
\BOOKMARK [3][-]{subsubsection*.122}{Non-linear\040equations}{subsection.48.3.1}% 413
\BOOKMARK [3][-]{subsubsection*.123}{Equilibria}{subsection.48.3.1}% 414
\BOOKMARK [3][-]{subsubsection*.124}{Linearized\040equations\040around\040equilibria}{subsection.48.3.1}% 415
\BOOKMARK [3][-]{subsubsection*.125}{Augmented\040sytem\040for\040tracking\040reference\040signal}{subsection.48.3.1}% 416
\BOOKMARK [2][-]{subsection.48.3.2}{Libraries}{section.48.3}% 417
\BOOKMARK [2][-]{subsection.48.3.3}{Plant\040dynamical\040equations}{section.48.3}% 418
\BOOKMARK [2][-]{subsection.48.3.4}{Control}{section.48.3}% 419
\BOOKMARK [3][-]{subsubsection*.126}{Optimal\040control\040for\040full-state\040feedback}{subsection.48.3.4}% 420
\BOOKMARK [4][-]{paragraph*.127}{Sensitivity\040to\040control\040weight}{subsubsection*.126}% 421
\BOOKMARK [3][-]{subsubsection*.129}{Optimal\040observer}{subsection.48.3.4}% 422
\BOOKMARK [4][-]{paragraph*.130}{State\040estimator\040with\040process\040and\040measurement\040noise}{subsubsection*.129}% 423
\BOOKMARK [3][-]{subsubsection*.131}{Combination\040of\040controller\040and\040observer\040-\040separation\040principle}{subsection.48.3.4}% 424
\BOOKMARK [3][-]{subsubsection*.132}{Properties\040of\040control}{subsection.48.3.4}% 425
\BOOKMARK [2][-]{subsection.48.3.5}{Verifying\040control\040on\040non-linear\040system}{section.48.3}% 426
\BOOKMARK [3][-]{subsubsection*.133}{Reference\040tracking\040on\040the\040non-linear\040system}{subsection.48.3.5}% 427
\BOOKMARK [1][-]{section.48.4}{Inverted\040pendulum\040on\040a\040cart}{chapter.48}% 428
\BOOKMARK [2][-]{subsection.48.4.1}{Equations\040of\040motion\040with\040Lagrangian\040mechanics}{section.48.4}% 429
\BOOKMARK [3][-]{subsubsection*.134}{Non-linear\040equations}{subsection.48.4.1}% 430
\BOOKMARK [3][-]{subsubsection*.135}{Linearized\040equations\040around\040equilibria}{subsection.48.4.1}% 431
\BOOKMARK [3][-]{subsubsection*.136}{Augmented\040system\040for\040tracking\040reference\040signal}{subsection.48.4.1}% 432
\BOOKMARK [2][-]{subsection.48.4.2}{Libraries}{section.48.4}% 433
\BOOKMARK [2][-]{subsection.48.4.3}{Control}{section.48.4}% 434
\BOOKMARK [3][-]{subsubsection*.137}{Full-state\040feedback}{subsection.48.4.3}% 435
\BOOKMARK [3][-]{subsubsection*.138}{Feed-back\040on\040state\040estimate}{subsection.48.4.3}% 436
\BOOKMARK [4][-]{paragraph*.139}{Observer\040design}{subsubsection*.138}% 437
\BOOKMARK [4][-]{paragraph*.140}{Control\040design}{subsubsection*.138}% 438
\BOOKMARK [4][-]{paragraph*.141}{Combination\040observer\040+\040controller}{subsubsection*.138}% 439
\BOOKMARK [4][-]{paragraph*.142}{State\040estimator\040with\040process\040and\040measurement\040noise}{subsubsection*.138}% 440
\BOOKMARK [2][-]{subsection.48.4.4}{Closed-loop\040testing}{section.48.4}% 441
\BOOKMARK [3][-]{subsubsection*.143}{Linearized\040system}{subsection.48.4.4}% 442
\BOOKMARK [3][-]{subsubsection*.144}{Non-linear\040system,\040around\040the\040unstable\040equilibrium}{subsection.48.4.4}% 443
\BOOKMARK [1][-]{section.48.5}{Inverted\040pendulum\040on\040a\040cart\040-\040only\040force\040actuation}{chapter.48}% 444
\BOOKMARK [2][-]{subsection.48.5.1}{Equations\040of\040motion\040with\040Lagrangian\040mechanics}{section.48.5}% 445
\BOOKMARK [2][-]{subsection.48.5.2}{Augmented\040system\040for\040tracking\040reference\040signal}{section.48.5}% 446
\BOOKMARK [2][-]{subsection.48.5.3}{Libraries}{section.48.5}% 447
\BOOKMARK [2][-]{subsection.48.5.4}{Full-state\040feedback}{section.48.5}% 448
\BOOKMARK [3][-]{subsubsection*.145}{Non-linear\040problem}{subsection.48.5.4}% 449
\BOOKMARK [-1][-]{part.12}{XII\040Partial\040Differential\040Equations}{}% 450
\BOOKMARK [0][-]{chapter.49}{Introduction\040to\040Partial\040Differential\040Equations}{part.12}% 451
\BOOKMARK [1][-]{section.49.1}{Examples}{chapter.49}% 452
\BOOKMARK [1][-]{section.49.2}{Balance\040equations\040in\040physics}{chapter.49}% 453
\BOOKMARK [0][-]{chapter.50}{Elliptic\040equations}{part.12}% 454
\BOOKMARK [1][-]{section.50.1}{Poisson\040equation}{chapter.50}% 455
\BOOKMARK [2][-]{subsection.50.1.1}{Weak\040formulation}{section.50.1}% 456
\BOOKMARK [2][-]{subsection.50.1.2}{Existence\040and\040uniqueness}{section.50.1}% 457
\BOOKMARK [0][-]{chapter.51}{Parabolic\040equations}{part.12}% 458
\BOOKMARK [1][-]{section.51.1}{Heat\040equation}{chapter.51}% 459
\BOOKMARK [2][-]{subsection.51.1.1}{Weak\040formulation}{section.51.1}% 460
\BOOKMARK [0][-]{chapter.52}{Hyperbolic\040equations}{part.12}% 461
\BOOKMARK [1][-]{section.52.1}{Hyperbolic\040problems\040and\040conservation\040laws}{chapter.52}% 462
\BOOKMARK [2][-]{subsection.52.1.1}{Integral\040equations}{section.52.1}% 463
\BOOKMARK [2][-]{subsection.52.1.2}{Jump\040relations}{section.52.1}% 464
\BOOKMARK [2][-]{subsection.52.1.3}{Differential\040equations}{section.52.1}% 465
\BOOKMARK [1][-]{section.52.2}{Hyperbolic\040problems\040-\040dimensions}{chapter.52}% 466
\BOOKMARK [2][-]{subsection.52.2.1}{Scalar\040linear}{section.52.2}% 467
\BOOKMARK [3][-]{subsubsection*.147}{1-dimensional}{subsection.52.2.1}% 468
\BOOKMARK [2][-]{subsection.52.2.2}{Scalar\040non-linear}{section.52.2}% 469
\BOOKMARK [2][-]{subsection.52.2.3}{System\040linear}{section.52.2}% 470
\BOOKMARK [3][-]{subsubsection*.148}{1-dimensional}{subsection.52.2.3}% 471
\BOOKMARK [4][-]{paragraph*.149}{Method\040of\040characteristics}{subsubsection*.148}% 472
\BOOKMARK [4][-]{paragraph*.150}{Domain\040of\040influence\040and\040domain\040of\040dependence}{subsubsection*.148}% 473
\BOOKMARK [4][-]{paragraph*.151}{Riemann\040problem}{subsubsection*.148}% 474
\BOOKMARK [2][-]{subsection.52.2.4}{System\040non-linear}{section.52.2}% 475
\BOOKMARK [3][-]{subsubsection*.152}{1-dimensional\040space}{subsection.52.2.4}% 476
\BOOKMARK [2][-]{subsection.52.2.5}{n-dimensional\040space}{section.52.2}% 477
\BOOKMARK [1][-]{section.52.3}{Scalar\040linear\040equation}{chapter.52}% 478
\BOOKMARK [1][-]{section.52.4}{Linear\040vector\040equation}{chapter.52}% 479
\BOOKMARK [1][-]{section.52.5}{Scalar\040non-linear\040equation}{chapter.52}% 480
\BOOKMARK [2][-]{subsection.52.5.1}{Examples}{section.52.5}% 481
\BOOKMARK [3][-]{subsubsection*.153}{Burgers’s equation}{subsection.52.5.1}% 482
\BOOKMARK [4][-]{paragraph*.154}{Differential\040equation\040and\040integral\040balance}{subsubsection*.153}% 483
\BOOKMARK [4][-]{paragraph*.156}{Jump\040condition}{subsubsection*.153}% 484
\BOOKMARK [4][-]{paragraph*.157}{Characteristics}{subsubsection*.153}% 485
\BOOKMARK [4][-]{paragraph*.159}{Riemann\040problem}{subsubsection*.153}% 486
\BOOKMARK [4][-]{paragraph*.161}{Boundary\040conditions}{subsubsection*.153}% 487
\BOOKMARK [1][-]{section.52.6}{Method\040of\040characteristics}{chapter.52}% 488
\BOOKMARK [2][-]{subsection.52.6.1}{Scalar\040multi-dimensional\040problem}{section.52.6}% 489
\BOOKMARK [2][-]{subsection.52.6.2}{Vector\040multi-dimensional\040problem}{section.52.6}% 490
\BOOKMARK [3][-]{subsubsection*.162}{Taylor\040expansion\040of\040a\040solution}{subsection.52.6.2}% 491
\BOOKMARK [3][-]{subsubsection*.163}{Examples}{subsection.52.6.2}% 492
\BOOKMARK [4][-]{paragraph*.164}{Isothermal\040compressible\040flow\040-\0402d}{subsubsection*.163}% 493
\BOOKMARK [4][-]{paragraph*.165}{Euler\040equations\040for\040homoentropic\040inviscid\040compressible\040flows\040-\0402d}{subsubsection*.163}% 494
\BOOKMARK [4][-]{paragraph*.166}{Euler\040equations\040for\040inviscid\040compressible\040flows\040-\0402d}{subsubsection*.163}% 495
\BOOKMARK [4][-]{paragraph*.167}{Shallow\040water\040-\0402d}{subsubsection*.163}% 496
\BOOKMARK [1][-]{section.52.7}{Hyperbolic\040problems\040in\040multi-dimensional\040domains}{chapter.52}% 497
\BOOKMARK [2][-]{subsection.52.7.1}{General\040hyperbolic\040problem}{section.52.7}% 498
\BOOKMARK [3][-]{subsubsection*.168}{Integral\040equations}{subsection.52.7.1}% 499
\BOOKMARK [4][-]{paragraph*.169}{Jump\040conditions}{subsubsection*.168}% 500
\BOOKMARK [3][-]{subsubsection*.170}{Differential\040equations}{subsection.52.7.1}% 501
\BOOKMARK [3][-]{subsubsection*.171}{Conservative\040form}{subsection.52.7.1}% 502
\BOOKMARK [3][-]{subsubsection*.172}{Method\040of\040characteristics}{subsection.52.7.1}% 503
\BOOKMARK [4][-]{paragraph*.173}{Spectral\040decomposition}{subsubsection*.172}% 504
\BOOKMARK [4][-]{paragraph*.174}{Change\040of\040variables}{subsubsection*.172}% 505
\BOOKMARK [3][-]{subsubsection*.176}{Riemann\040problem}{subsection.52.7.1}% 506
\BOOKMARK [4][-]{paragraph*.177}{Linearization\040-\040Roe\040intermediate\040state}{subsubsection*.176}% 507
\BOOKMARK [3][-]{subsubsection*.178}{Boundary\040conditions}{subsection.52.7.1}% 508
\BOOKMARK [2][-]{subsection.52.7.2}{P-system}{section.52.7}% 509
\BOOKMARK [2][-]{subsection.52.7.3}{Euler\040equations}{section.52.7}% 510
\BOOKMARK [3][-]{subsubsection*.179}{Thermodynamics\040and\040constitutive\040equations}{subsection.52.7.3}% 511
\BOOKMARK [3][-]{subsubsection*.180}{Integral\040equations}{subsection.52.7.3}% 512
\BOOKMARK [4][-]{paragraph*.181}{Jump\040conditions}{subsubsection*.180}% 513
\BOOKMARK [3][-]{subsubsection*.182}{Differential\040equations}{subsection.52.7.3}% 514
\BOOKMARK [4][-]{paragraph*.183}{Conservative\040form}{subsubsection*.182}% 515
\BOOKMARK [4][-]{paragraph*.184}{Convective\040forms}{subsubsection*.182}% 516
\BOOKMARK [4][-]{paragraph*.185}{Spectral\040decomposition}{subsubsection*.182}% 517
\BOOKMARK [3][-]{subsubsection*.186}{Riemann\040problem}{subsection.52.7.3}% 518
\BOOKMARK [4][-]{paragraph*.187}{Linearization\040-\040Roe\040intermediate\040state}{subsubsection*.186}% 519
\BOOKMARK [3][-]{subsubsection*.188}{Boundary\040conditions}{subsection.52.7.3}% 520
\BOOKMARK [2][-]{subsection.52.7.4}{Shallow\040water}{section.52.7}% 521
\BOOKMARK [3][-]{subsubsection*.189}{Integral\040equations}{subsection.52.7.4}% 522
\BOOKMARK [4][-]{paragraph*.190}{Jump\040conditions}{subsubsection*.189}% 523
\BOOKMARK [3][-]{subsubsection*.191}{Differential\040equations}{subsection.52.7.4}% 524
\BOOKMARK [4][-]{paragraph*.192}{Spectral\040decomposition}{subsubsection*.191}% 525
\BOOKMARK [3][-]{subsubsection*.193}{Riemann\040problem}{subsection.52.7.4}% 526
\BOOKMARK [4][-]{paragraph*.194}{Linearization\040-\040Roe\040intermediate\040state}{subsubsection*.193}% 527
\BOOKMARK [3][-]{subsubsection*.195}{Boundary\040conditions}{subsection.52.7.4}% 528
\BOOKMARK [1][-]{section.52.8}{Riemann\040problems}{chapter.52}% 529
\BOOKMARK [1][-]{section.52.9}{Physical\040solution\040in\040hyperbolic\040problems}{chapter.52}% 530
\BOOKMARK [2][-]{subsection.52.9.1}{Scalar\040non-linear\040equation\040in\0401-dimensional\040domain}{section.52.9}% 531
\BOOKMARK [3][-]{subsubsection*.196}{Burgers’ equation}{subsection.52.9.1}% 532
\BOOKMARK [2][-]{subsection.52.9.2}{Non-linear\040system\040of\040equations\040in\0401-dimensional\040domain}{section.52.9}% 533
\BOOKMARK [3][-]{subsubsection*.197}{P-system}{subsection.52.9.2}% 534
\BOOKMARK [3][-]{subsubsection*.198}{Shallow\040water}{subsection.52.9.2}% 535
\BOOKMARK [3][-]{subsubsection*.199}{Euler\040equations}{subsection.52.9.2}% 536
\BOOKMARK [1][-]{section.52.10}{Convexity\040in\040hyperbolic\040problems}{chapter.52}% 537
\BOOKMARK [2][-]{subsection.52.10.1}{Examples}{section.52.10}% 538
\BOOKMARK [1][-]{section.52.11}{Non-convex\040hyperbolic\040problems}{chapter.52}% 539
\BOOKMARK [2][-]{subsection.52.11.1}{Toy\040problem}{section.52.11}% 540
\BOOKMARK [3][-]{subsubsection*.200}{Numerical\040simulation}{subsection.52.11.1}% 541
\BOOKMARK [4][-]{paragraph*.201}{Simulation\040with\040\(uL,\040uR\)\040=\040\(-1,1\)}{subsubsection*.200}% 542
\BOOKMARK [4][-]{paragraph*.202}{Simulation\040with\040\(uL,\040uR\)\040=\040\(1,-1\)}{subsubsection*.200}% 543
\BOOKMARK [3][-]{subsubsection*.203}{Olenik’s criterion}{subsection.52.11.1}% 544
\BOOKMARK [4][-]{paragraph*.204}{\(uL,\040uR\)\040=\040\(-1,\0401\)}{subsubsection*.203}% 545
\BOOKMARK [4][-]{paragraph*.205}{Characteristic\040lines\040in\040the\040x-t\040plane}{subsubsection*.203}% 546
\BOOKMARK [4][-]{paragraph*.206}{\(uL,\040uR\)\040=\040\(1,\040-1\)}{subsubsection*.203}% 547
\BOOKMARK [3][-]{subsubsection*.207}{Non-physical\040solutions\040for\040\(uL,\040uR\)\040=\040\(-1,\0401\)}{subsection.52.11.1}% 548
\BOOKMARK [0][-]{chapter.53}{Navier-Cauchy\040equations}{part.12}% 549
\BOOKMARK [1][-]{section.53.1}{Weak\040formulation}{chapter.53}% 550
\BOOKMARK [0][-]{chapter.54}{Navier-Stokes\040equations}{part.12}% 551
\BOOKMARK [1][-]{section.54.1}{Incompressibility\040constraint}{chapter.54}% 552
\BOOKMARK [2][-]{subsection.54.1.1}{Wave-vector\040transformed\040space}{section.54.1}% 553
\BOOKMARK [1][-]{section.54.2}{Weak\040formulation\040of\040the\040problem}{chapter.54}% 554
\BOOKMARK [2][-]{subsection.54.2.1}{Weak\040formulation\040and\040incompressibility\040constraint}{section.54.2}% 555
\BOOKMARK [1][-]{section.54.3}{Non-linear\040term}{chapter.54}% 556
\BOOKMARK [0][-]{chapter.55}{Arbitrary\040Lagrangian-Eulerian\040description}{part.12}% 557
\BOOKMARK [1][-]{section.55.1}{Integral\040problem}{chapter.55}% 558
\BOOKMARK [1][-]{section.55.2}{Differential\040problem}{chapter.55}% 559
\BOOKMARK [-1][-]{part.13}{XIII\040Numerical\040Methods\040for\040PDEs}{}% 560
\BOOKMARK [0][-]{chapter.56}{Introduction\040to\040numerical\040methods\040for\040PDEs}{part.13}% 561
\BOOKMARK [0][-]{chapter.57}{Finite\040Element\040Method}{part.13}% 562
\BOOKMARK [1][-]{section.57.1}{1-dimensional\040Poisson\040equation}{chapter.57}% 563
\BOOKMARK [2][-]{subsection.57.1.1}{Strong\040form\040of\040the\040problem}{section.57.1}% 564
\BOOKMARK [2][-]{subsection.57.1.2}{Weak\040form\040of\040the\040problem}{section.57.1}% 565
\BOOKMARK [3][-]{subsubsection*.209}{Poisson\040equation\040with\040Dirichlet\040boundary\040conditions}{subsection.57.1.2}% 566
\BOOKMARK [4][-]{paragraph*.210}{Finite\040element\040method}{subsubsection*.209}% 567
\BOOKMARK [4][-]{paragraph*.212}{Slicing\040the\040linear\040system}{subsubsection*.209}% 568
\BOOKMARK [4][-]{paragraph*.213}{Augmenting\040the\040linear\040system}{subsubsection*.209}% 569
\BOOKMARK [0][-]{chapter.58}{Finite\040Volume\040Method}{part.13}% 570
\BOOKMARK [1][-]{section.58.1}{1-dimensional\040Poisson\040equation}{chapter.58}% 571
\BOOKMARK [2][-]{subsection.58.1.1}{Integral\040form\040of\040the\040problem}{section.58.1}% 572
\BOOKMARK [2][-]{subsection.58.1.2}{Domain,\040volume\040forcing\040and\040boundary\040conditions}{section.58.1}% 573
\BOOKMARK [2][-]{subsection.58.1.3}{Discrete\040matheamtical\040problem}{section.58.1}% 574
\BOOKMARK [2][-]{subsection.58.1.4}{Applying\040essential\040boundary\040conditions}{section.58.1}% 575
\BOOKMARK [3][-]{subsubsection*.214}{Slicing\040the\040linear\040system}{subsection.58.1.4}% 576
\BOOKMARK [3][-]{subsubsection*.215}{Augmenting\040the\040linear\040system}{subsection.58.1.4}% 577
\BOOKMARK [1][-]{section.58.2}{FVM\040for\040hyperbolic\040problems}{chapter.58}% 578
\BOOKMARK [2][-]{subsection.58.2.1}{Numerical\040fluxes}{section.58.2}% 579
\BOOKMARK [3][-]{subsubsection*.216}{Godunov\040flux}{subsection.58.2.1}% 580
\BOOKMARK [3][-]{subsubsection*.217}{Roe\040flux}{subsection.58.2.1}% 581
\BOOKMARK [3][-]{subsubsection*.218}{Entropy\040fix}{subsection.58.2.1}% 582
\BOOKMARK [1][-]{section.58.3}{Boundary\040conditions\040in\040hyperbolic\040problems}{chapter.58}% 583
\BOOKMARK [2][-]{subsection.58.3.1}{Wall}{section.58.3}% 584
\BOOKMARK [3][-]{subsubsection*.219}{Domain\040at\040rest}{subsection.58.3.1}% 585
\BOOKMARK [3][-]{subsubsection*.220}{Moving\040domain}{subsection.58.3.1}% 586
\BOOKMARK [2][-]{subsection.58.3.2}{Characteristic-based\040boundary\040conditions}{section.58.3}% 587
\BOOKMARK [1][-]{section.58.4}{Examples\040of\040FVM\040for\040hyperbolic\040problems}{chapter.58}% 588
\BOOKMARK [2][-]{subsection.58.4.1}{1-dimensional\040P-system}{section.58.4}% 589
\BOOKMARK [3][-]{subsubsection*.221}{Useful\040classes\040for\040numerical\040methods}{subsection.58.4.1}% 590
\BOOKMARK [4][-]{paragraph*.222}{Basic\040libraries}{subsubsection*.221}% 591
\BOOKMARK [4][-]{paragraph*.223}{Parent\040class}{subsubsection*.221}% 592
\BOOKMARK [4][-]{paragraph*.224}{P-system\040class}{subsubsection*.221}% 593
\BOOKMARK [3][-]{subsubsection*.225}{Numerical\040simulation}{subsection.58.4.1}% 594
\BOOKMARK [4][-]{paragraph*.226}{System\040of\040equations}{subsubsection*.225}% 595
\BOOKMARK [4][-]{paragraph*.227}{Domain}{subsubsection*.225}% 596
\BOOKMARK [4][-]{paragraph*.228}{Boundary\040conditions}{subsubsection*.225}% 597
\BOOKMARK [4][-]{paragraph*.229}{Simulation\040parameters}{subsubsection*.225}% 598
\BOOKMARK [4][-]{paragraph*.230}{Time\040loop}{subsubsection*.225}% 599
\BOOKMARK [4][-]{paragraph*.231}{Post-processing}{subsubsection*.225}% 600
\BOOKMARK [2][-]{subsection.58.4.2}{1-dimensional\040Euler\040equations\040for\040Perfect\040Ideal\040Gas}{section.58.4}% 601
\BOOKMARK [3][-]{subsubsection*.232}{Useful\040classes\040for\040numerical\040methods}{subsection.58.4.2}% 602
\BOOKMARK [4][-]{paragraph*.233}{Basic\040libraries}{subsubsection*.232}% 603
\BOOKMARK [4][-]{paragraph*.234}{Parent\040class}{subsubsection*.232}% 604
\BOOKMARK [4][-]{paragraph*.235}{Euler\040equations\040for\040perfect\040ideal\040gas\040class}{subsubsection*.232}% 605
\BOOKMARK [3][-]{subsubsection*.236}{Numerical\040simulation}{subsection.58.4.2}% 606
\BOOKMARK [4][-]{paragraph*.237}{System\040of\040equations}{subsubsection*.236}% 607
\BOOKMARK [4][-]{paragraph*.238}{Domain}{subsubsection*.236}% 608
\BOOKMARK [4][-]{paragraph*.239}{Boundary\040conditions}{subsubsection*.236}% 609
\BOOKMARK [4][-]{paragraph*.240}{Initial\040conditions}{subsubsection*.236}% 610
\BOOKMARK [4][-]{paragraph*.241}{Simulation\040parameters}{subsubsection*.236}% 611
\BOOKMARK [4][-]{paragraph*.242}{Time\040loop}{subsubsection*.236}% 612
\BOOKMARK [4][-]{paragraph*.243}{Post-processing}{subsubsection*.236}% 613
\BOOKMARK [2][-]{subsection.58.4.3}{Quasi\0401-dimensional\040Euler\040equations\040for\040Perfect\040Ideal\040Gas}{section.58.4}% 614
\BOOKMARK [3][-]{subsubsection*.244}{Useful\040classes\040for\040numerical\040methods}{subsection.58.4.3}% 615
\BOOKMARK [4][-]{paragraph*.245}{Basic\040libraries}{subsubsection*.244}% 616
\BOOKMARK [4][-]{paragraph*.246}{Parent\040class}{subsubsection*.244}% 617
\BOOKMARK [4][-]{paragraph*.247}{Euler\040equations\040for\040perfect\040ideal\040gas\040class}{subsubsection*.244}% 618
\BOOKMARK [3][-]{subsubsection*.248}{Numerical\040simulation}{subsection.58.4.3}% 619
\BOOKMARK [4][-]{paragraph*.249}{System\040of\040equations}{subsubsection*.248}% 620
\BOOKMARK [4][-]{paragraph*.250}{Domain}{subsubsection*.248}% 621
\BOOKMARK [4][-]{paragraph*.251}{Boundary\040conditions}{subsubsection*.248}% 622
\BOOKMARK [4][-]{paragraph*.252}{Initial\040conditions}{subsubsection*.248}% 623
\BOOKMARK [4][-]{paragraph*.253}{Simulation\040parameters}{subsubsection*.248}% 624
\BOOKMARK [4][-]{paragraph*.254}{Time\040loop}{subsubsection*.248}% 625
\BOOKMARK [4][-]{paragraph*.255}{Post-processing}{subsubsection*.248}% 626
\BOOKMARK [2][-]{subsection.58.4.4}{1-dimensional\040Euler\040equations\040for\040Perfect\040Ideal\040Gas\040on\040moving\040mesh\040\(ALE\)}{section.58.4}% 627
\BOOKMARK [3][-]{subsubsection*.256}{Useful\040classes\040for\040numerical\040methods}{subsection.58.4.4}% 628
\BOOKMARK [4][-]{paragraph*.257}{Basic\040libraries}{subsubsection*.256}% 629
\BOOKMARK [4][-]{paragraph*.258}{Parent\040class}{subsubsection*.256}% 630
\BOOKMARK [4][-]{paragraph*.259}{Euler\040equations\040for\040perfect\040ideal\040gas\040class}{subsubsection*.256}% 631
\BOOKMARK [4][-]{paragraph*.260}{Time\040dependent\040mesh}{subsubsection*.256}% 632
\BOOKMARK [3][-]{subsubsection*.261}{Numerical\040simulation}{subsection.58.4.4}% 633
\BOOKMARK [4][-]{paragraph*.262}{System\040of\040equations}{subsubsection*.261}% 634
\BOOKMARK [4][-]{paragraph*.263}{Domain}{subsubsection*.261}% 635
\BOOKMARK [5][-]{subparagraph*.264}{VV\040of\040the\040moving\040mesh}{paragraph*.263}% 636
\BOOKMARK [4][-]{paragraph*.265}{Boundary\040conditions}{subsubsection*.261}% 637
\BOOKMARK [4][-]{paragraph*.266}{Initial\040conditions}{subsubsection*.261}% 638
\BOOKMARK [4][-]{paragraph*.267}{Simulation\040parameters}{subsubsection*.261}% 639
\BOOKMARK [4][-]{paragraph*.268}{Time\040loop}{subsubsection*.261}% 640
\BOOKMARK [4][-]{paragraph*.269}{Post-processing}{subsubsection*.261}% 641
\BOOKMARK [0][-]{chapter.59}{Boundary\040Element\040Method}{part.13}% 642
\BOOKMARK [-1][-]{part.14}{XIV\040Boundary\040Methods\040for\040PDEs}{}% 643
\BOOKMARK [0][-]{chapter.60}{Green’s function method}{part.14}% 644
\BOOKMARK [1][-]{section.60.1}{Poisson\040equation}{chapter.60}% 645
\BOOKMARK [1][-]{section.60.2}{Helmholtz\040equation}{chapter.60}% 646
\BOOKMARK [1][-]{section.60.3}{Wave\040equation}{chapter.60}% 647
\BOOKMARK [-1][-]{part.15}{XV\040Optimization}{}% 648
\BOOKMARK [0][-]{chapter.61}{Optimization}{part.15}% 649
\BOOKMARK [1][-]{section.61.1}{Unconstrained\040optimization}{chapter.61}% 650
\BOOKMARK [1][-]{section.61.2}{Constrained\040optimization}{chapter.61}% 651
\BOOKMARK [2][-]{subsection.61.2.1}{Method\040of\040Lagrange\040multipliers\040for\040equality\040constraints}{section.61.2}% 652
\BOOKMARK [-1][-]{part.16}{XVI\040Reinforcement\040Learning}{}% 653
\BOOKMARK [0][-]{chapter.62}{Introduction\040to\040Reinforcement\040Learning}{part.16}% 654
\BOOKMARK [0][-]{chapter.63}{Markov\040Processes}{part.16}% 655
\BOOKMARK [1][-]{section.63.1}{Markov\040Reward\040Processes}{chapter.63}% 656
\BOOKMARK [2][-]{subsection.63.1.1}{Bellman\040Equation\040for\040V\(s\)}{section.63.1}% 657
\BOOKMARK [1][-]{section.63.2}{Markov\040Decision\040Processes}{chapter.63}% 658
\BOOKMARK [2][-]{subsection.63.2.1}{Policies}{section.63.2}% 659
\BOOKMARK [2][-]{subsection.63.2.2}{Bellman\040Equations}{section.63.2}% 660
\BOOKMARK [0][-]{chapter.64}{Methods\040of\040solution\040of\040MPD:\040DP\040and\040LP}{part.16}% 661
\BOOKMARK [1][-]{section.64.1}{Brute\040force:\040policy\040search}{chapter.64}% 662
\BOOKMARK [1][-]{section.64.2}{Dynamic\040programming}{chapter.64}% 663
\BOOKMARK [2][-]{subsection.64.2.1}{Policy\040iteration}{section.64.2}% 664
\BOOKMARK [3][-]{subsubsection*.271}{Policy\040Evaluation}{subsection.64.2.1}% 665
\BOOKMARK [3][-]{subsubsection*.272}{Policy\040Improvement}{subsection.64.2.1}% 666
\BOOKMARK [3][-]{subsubsection*.273}{Policy\040Iteration\040algorithm}{subsection.64.2.1}% 667
\BOOKMARK [2][-]{subsection.64.2.2}{Value\040Iteration}{section.64.2}% 668
\BOOKMARK [2][-]{subsection.64.2.3}{Dynamic\040programming:\040extensions}{section.64.2}% 669
\BOOKMARK [1][-]{section.64.3}{Linear\040programming}{chapter.64}% 670
\BOOKMARK [0][-]{chapter.65}{Methods\040of\040solution\040of\040MPD:\040RL}{part.16}% 671
\BOOKMARK [1][-]{section.65.1}{Evaluation}{chapter.65}% 672
\BOOKMARK [2][-]{subsection.65.1.1}{Monte-Carlo\040RL}{section.65.1}% 673
\BOOKMARK [2][-]{subsection.65.1.2}{Temporal\040Difference\040\(TD\)\040Learning}{section.65.1}% 674
\BOOKMARK [2][-]{subsection.65.1.3}{TD\040prediction}{section.65.1}% 675
\BOOKMARK [1][-]{section.65.2}{Model\040control}{chapter.65}% 676
\BOOKMARK [2][-]{subsection.65.2.1}{On-\040and\040Off-Policy\040Learning}{section.65.2}% 677
\BOOKMARK [2][-]{subsection.65.2.2}{MC\040control}{section.65.2}% 678
\BOOKMARK [2][-]{subsection.65.2.3}{ε-greedy policy improvement }{section.65.2}% 679
\BOOKMARK [2][-]{subsection.65.2.4}{TD\040control}{section.65.2}% 680
\BOOKMARK [2][-]{subsection.65.2.5}{Off-policy\040learning}{section.65.2}% 681
\BOOKMARK [1][-]{section.65.3}{Actor-Critic}{chapter.65}% 682
\BOOKMARK [1][-]{section.65.4}{Learning\040and\040planning}{chapter.65}% 683
\BOOKMARK [0][-]{chapter.66}{Large\040or\040Continuous\040MDPs}{part.16}% 684
\BOOKMARK [1][-]{section.66.1}{Value\040and\040Policy-Based\040RL}{chapter.66}% 685
\BOOKMARK [0][-]{section*.274}{Proof\040Index}{part.16}% 686
